; Lattice Signal Propagation Trace
; Sensors: n0, n1, n2, n3, n4, n5, n6
; Format: SEQ -> NODE_ID -> EVENT_TYPE -> PAYLOAD
; BASE_DEPTH = 3
001 -> n0 -> PULSE -> gain=1
002 -> n1 -> PULSE -> gain=1
003 -> n2 -> PULSE -> gain=1
004 -> n3 -> PULSE -> gain=1
005 -> n0 -> BURST -> gain=2
006 -> n4 -> PULSE -> gain=1
007 -> n1 -> BURST -> gain=2
008 -> n2 -> BURST -> gain=2
009 -> n3 -> BURST -> gain=2
010 -> n0 -> PULSE -> gain=1
011 -> n4 -> BURST -> gain=2
012 -> n1 -> PULSE -> gain=1
013 -> n6 -> PULSE -> gain=1
014 -> n2 -> PULSE -> gain=1
015 -> n0 -> BURST -> gain=2
016 -> n3 -> PULSE -> gain=1
017 -> n4 -> PULSE -> gain=1
018 -> n1 -> RELAY -> depths=n0:5;n1:4;n2:4;n3:5;n4:4;n5:4;n6:3
019 -> n6 -> RELAY -> depths=n0:5;n1:4;n2:4;n3:5;n4:4;n5:4;n6:4
020 -> n0 -> RELAY -> depths=n0:5;n1:6;n2:5;n3:4;n4:5;n5:4;n6:4
021 -> n2 -> RELAY -> depths=n0:6;n1:5;n2:4;n3:5;n4:6;n5:4;n6:4
022 -> n3 -> RELAY -> depths=n0:5;n1:6;n2:4;n3:5;n4:5;n5:5;n6:4
023 -> n1 -> BURST -> gain=2
024 -> n4 -> RELAY -> depths=n0:5;n1:4;n2:5;n3:4;n4:4;n5:6;n6:5
025 -> n6 -> BURST -> gain=2
026 -> n3 -> BURST -> gain=2
027 -> n0 -> PULSE -> gain=1
028 -> n2 -> BURST -> gain=2
029 -> n1 -> PULSE -> gain=1
030 -> n4 -> BURST -> gain=2
031 -> n3 -> PULSE -> gain=1
032 -> n0 -> BURST -> gain=2
033 -> n2 -> PULSE -> gain=1
034 -> n4 -> PULSE -> gain=1
035 -> n1 -> RELAY -> depths=n0:6;n1:5;n2:5;n3:4;n4:5;n5:4;n6:5
036 -> n5 -> PULSE -> gain=1
037 -> n0 -> PULSE -> gain=1
038 -> n5 -> BURST -> gain=2
039 -> n5 -> RELAY -> depths=n0:7;n1:5;n2:5;n3:6;n4:5;n5:4;n6:5
040 -> n5 -> PULSE -> gain=1
041 -> n5 -> RELAY -> depths=n0:6;n1:6;n2:6;n3:5;n4:6;n5:5;n6:6
042 -> n5 -> PULSE -> gain=1
043 -> n0 -> RELAY -> depths=n0:7;n1:5;n2:6;n3:5;n4:4;n5:5;n6:5
044 -> n6 -> BURST -> gain=2
045 -> n0 -> RELAY -> depths=n0:6;n1:7;n2:5;n3:6;n4:5;n5:7;n6:4
