; Lattice Flow Simulation Trace
; Format: SEQ -> JUNCTION_ID -> EVENT_TYPE -> DETAIL
001 -> junc_alpha -> PUMP -> delta=1
002 -> junc_beta -> PUMP -> delta=1
003 -> junc_gamma -> PUMP -> delta=1
004 -> junc_delta -> PUMP -> delta=1
005 -> junc_epsilon -> PUMP -> delta=1
006 -> junc_zeta -> PUMP -> delta=1
007 -> junc_eta -> PUMP -> delta=1
008 -> junc_alpha -> SURGE -> delta=2
009 -> junc_beta -> SURGE -> delta=2
010 -> junc_gamma -> SURGE -> delta=2
011 -> junc_delta -> SURGE -> delta=2
012 -> junc_epsilon -> SURGE -> delta=2
013 -> junc_zeta -> SURGE -> delta=2
014 -> junc_eta -> SURGE -> delta=2
015 -> junc_alpha -> PUMP -> delta=1
016 -> junc_beta -> PUMP -> delta=1
017 -> junc_gamma -> PUMP -> delta=1
018 -> junc_delta -> PUMP -> delta=1
019 -> junc_epsilon -> PUMP -> delta=1
020 -> junc_zeta -> PUMP -> delta=1
021 -> junc_eta -> PUMP -> delta=1
022 -> junc_alpha -> PUMP -> delta=1
023 -> junc_alpha -> COUPLE -> peer_state=junc_alpha:5;junc_beta:7;junc_gamma:3;junc_delta:3;junc_epsilon:3;junc_zeta:3;junc_eta:3
024 -> junc_beta -> COUPLE -> peer_state=junc_alpha:8;junc_beta:4;junc_gamma:3;junc_delta:3;junc_epsilon:3;junc_zeta:3;junc_eta:3
025 -> junc_gamma -> SURGE -> delta=2
026 -> junc_delta -> PUMP -> delta=1
027 -> junc_epsilon -> SURGE -> delta=2
028 -> junc_zeta -> PUMP -> delta=1
029 -> junc_eta -> SURGE -> delta=2
030 -> junc_alpha -> SURGE -> delta=2
031 -> junc_beta -> PUMP -> delta=1
032 -> junc_delta -> COUPLE -> peer_state=junc_alpha:3;junc_beta:3;junc_gamma:9;junc_delta:5;junc_epsilon:3;junc_zeta:3;junc_eta:3
033 -> junc_gamma -> COUPLE -> peer_state=junc_alpha:3;junc_beta:3;junc_gamma:4;junc_delta:8;junc_epsilon:3;junc_zeta:8;junc_eta:3
034 -> junc_epsilon -> COUPLE -> peer_state=junc_alpha:3;junc_beta:3;junc_gamma:3;junc_delta:3;junc_epsilon:5;junc_zeta:8;junc_eta:10
035 -> junc_alpha -> COUPLE -> peer_state=junc_alpha:6;junc_beta:8;junc_gamma:9;junc_delta:8;junc_epsilon:3;junc_zeta:3;junc_eta:3
036 -> junc_beta -> COUPLE -> peer_state=junc_alpha:10;junc_beta:5;junc_gamma:3;junc_delta:3;junc_epsilon:3;junc_zeta:3;junc_eta:3
037 -> junc_delta -> PUMP -> delta=1
038 -> junc_delta -> COUPLE -> peer_state=junc_alpha:3;junc_beta:3;junc_gamma:3;junc_delta:6;junc_epsilon:10;junc_zeta:3;junc_eta:10
039 -> junc_zeta -> PUMP -> delta=1
040 -> junc_zeta -> PUMP -> delta=1
041 -> junc_eta -> PUMP -> delta=1
042 -> junc_beta -> PUMP -> delta=1
043 -> junc_alpha -> PUMP -> delta=1
044 -> junc_gamma -> PUMP -> delta=1
045 -> junc_epsilon -> PUMP -> delta=1
